// Jest Snapshot v1, https://goo.gl/fbAQLP

exports[`Header component should render snapshot with default values 1`] = `
<header
  className="header"
>
  <img
    src="logo.png"
  />
  <div
    className="menu"
  >
    <NavLink
      activeClassName="active"
      aria-current="page"
      exact={true}
      to="/"
    >
      Dataset
    </NavLink>
    <NavLink
      activeClassName="active"
      aria-current="page"
      exact={true}
      to="/dictionaries"
    >
      Dictionaries
    </NavLink>
  </div>
</header>
`;
